Starting a Gradle Daemon, 3 busy and 3 incompatible and 13 stopped Daemons could not be reused, use --status for details

> Configure project :gradle
WARNING: Unsupported Kotlin plugin version.
The `embedded-kotlin` and `kotlin-dsl` plugins rely on features of Kotlin `2.2.0` that might work differently than in the requested version `2.2.20`.

> Task :gradle:checkKotlinGradlePluginConfigurationErrors SKIPPED
> Task :gradle:compileKotlin UP-TO-DATE
> Task :gradle:compileJava NO-SOURCE
> Task :gradle:compileGroovy NO-SOURCE
> Task :gradle:pluginDescriptors UP-TO-DATE
> Task :gradle:processResources UP-TO-DATE
> Task :gradle:classes UP-TO-DATE
> Task :gradle:jar UP-TO-DATE

> Configure project :app
WARNING: The option setting 'android.builtInKotlin=false' is deprecated.
The current default is 'true'.
It will be removed in version 10.0 of the Android Gradle plugin.
WARNING: The option setting 'android.newDsl=false' is deprecated.
The current default is 'true'.
It will be removed in version 10.0 of the Android Gradle plugin.
WARNING: The multidex library is included as a dependency, but it is not needed for apps
with minSdk >= 21. Please remove dependency 'androidx.multidex:multidex:2.0.1' from ':app'.
See https://developer.android.com/build/multidex for more information.
w: Deprecated 'org.jetbrains.kotlin.android' plugin usage
The 'org.jetbrains.kotlin.android' plugin in project ':app' is no longer required for Kotlin support since AGP 9.0.
Solution: Remove both `android.builtInKotlin=true` and `android.newDsl=false` from `gradle.properties`, then migrate to built-in Kotlin.
See https://kotl.in/gradle/agp-built-in-kotlin for more details.


> Configure project :cloud_firestore
w: Deprecated 'org.jetbrains.kotlin.android' plugin usage
The 'org.jetbrains.kotlin.android' plugin in project ':cloud_firestore' is no longer required for Kotlin support since AGP 9.0.
Solution: Remove both `android.builtInKotlin=true` and `android.newDsl=false` from `gradle.properties`, then migrate to built-in Kotlin.
See https://kotl.in/gradle/agp-built-in-kotlin for more details.


> Configure project :firebase_auth
w: Deprecated 'org.jetbrains.kotlin.android' plugin usage
The 'org.jetbrains.kotlin.android' plugin in project ':firebase_auth' is no longer required for Kotlin support since AGP 9.0.
Solution: Remove both `android.builtInKotlin=true` and `android.newDsl=false` from `gradle.properties`, then migrate to built-in Kotlin.
See https://kotl.in/gradle/agp-built-in-kotlin for more details.


> Configure project :firebase_core
w: Deprecated 'org.jetbrains.kotlin.android' plugin usage
The 'org.jetbrains.kotlin.android' plugin in project ':firebase_core' is no longer required for Kotlin support since AGP 9.0.
Solution: Remove both `android.builtInKotlin=true` and `android.newDsl=false` from `gradle.properties`, then migrate to built-in Kotlin.
See https://kotl.in/gradle/agp-built-in-kotlin for more details.


> Configure project :firebase_messaging
w: Deprecated 'org.jetbrains.kotlin.android' plugin usage
The 'org.jetbrains.kotlin.android' plugin in project ':firebase_messaging' is no longer required for Kotlin support since AGP 9.0.
Solution: Remove both `android.builtInKotlin=true` and `android.newDsl=false` from `gradle.properties`, then migrate to built-in Kotlin.
See https://kotl.in/gradle/agp-built-in-kotlin for more details.


> Configure project :firebase_storage
w: Deprecated 'org.jetbrains.kotlin.android' plugin usage
The 'org.jetbrains.kotlin.android' plugin in project ':firebase_storage' is no longer required for Kotlin support since AGP 9.0.
Solution: Remove both `android.builtInKotlin=true` and `android.newDsl=false` from `gradle.properties`, then migrate to built-in Kotlin.
See https://kotl.in/gradle/agp-built-in-kotlin for more details.


> Configure project :flutter_local_notifications
w: Deprecated 'org.jetbrains.kotlin.android' plugin usage
The 'org.jetbrains.kotlin.android' plugin in project ':flutter_local_notifications' is no longer required for Kotlin support since AGP 9.0.
Solution: Remove both `android.builtInKotlin=true` and `android.newDsl=false` from `gradle.properties`, then migrate to built-in Kotlin.
See https://kotl.in/gradle/agp-built-in-kotlin for more details.


> Configure project :flutter_timezone
w: Deprecated 'org.jetbrains.kotlin.android' plugin usage
The 'org.jetbrains.kotlin.android' plugin in project ':flutter_timezone' is no longer required for Kotlin support since AGP 9.0.
Solution: Remove both `android.builtInKotlin=true` and `android.newDsl=false` from `gradle.properties`, then migrate to built-in Kotlin.
See https://kotl.in/gradle/agp-built-in-kotlin for more details.


> Configure project :geocoding_android
w: Deprecated 'org.jetbrains.kotlin.android' plugin usage
The 'org.jetbrains.kotlin.android' plugin in project ':geocoding_android' is no longer required for Kotlin support since AGP 9.0.
Solution: Remove both `android.builtInKotlin=true` and `android.newDsl=false` from `gradle.properties`, then migrate to built-in Kotlin.
See https://kotl.in/gradle/agp-built-in-kotlin for more details.


> Configure project :geolocator_android
w: Deprecated 'org.jetbrains.kotlin.android' plugin usage
The 'org.jetbrains.kotlin.android' plugin in project ':geolocator_android' is no longer required for Kotlin support since AGP 9.0.
Solution: Remove both `android.builtInKotlin=true` and `android.newDsl=false` from `gradle.properties`, then migrate to built-in Kotlin.
See https://kotl.in/gradle/agp-built-in-kotlin for more details.


> Configure project :google_sign_in_android
w: Deprecated 'org.jetbrains.kotlin.android' plugin usage
The 'org.jetbrains.kotlin.android' plugin in project ':google_sign_in_android' is no longer required for Kotlin support since AGP 9.0.
Solution: Remove both `android.builtInKotlin=true` and `android.newDsl=false` from `gradle.properties`, then migrate to built-in Kotlin.
See https://kotl.in/gradle/agp-built-in-kotlin for more details.


> Configure project :jni
w: Deprecated 'org.jetbrains.kotlin.android' plugin usage
The 'org.jetbrains.kotlin.android' plugin in project ':jni' is no longer required for Kotlin support since AGP 9.0.
Solution: Remove both `android.builtInKotlin=true` and `android.newDsl=false` from `gradle.properties`, then migrate to built-in Kotlin.
See https://kotl.in/gradle/agp-built-in-kotlin for more details.


> Configure project :jni_flutter
w: Deprecated 'org.jetbrains.kotlin.android' plugin usage
The 'org.jetbrains.kotlin.android' plugin in project ':jni_flutter' is no longer required for Kotlin support since AGP 9.0.
Solution: Remove both `android.builtInKotlin=true` and `android.newDsl=false` from `gradle.properties`, then migrate to built-in Kotlin.
See https://kotl.in/gradle/agp-built-in-kotlin for more details.


> Configure project :package_info_plus
w: Deprecated 'org.jetbrains.kotlin.android' plugin usage
The 'org.jetbrains.kotlin.android' plugin in project ':package_info_plus' is no longer required for Kotlin support since AGP 9.0.
Solution: Remove both `android.builtInKotlin=true` and `android.newDsl=false` from `gradle.properties`, then migrate to built-in Kotlin.
See https://kotl.in/gradle/agp-built-in-kotlin for more details.


> Configure project :permission_handler_android
w: Deprecated 'org.jetbrains.kotlin.android' plugin usage
The 'org.jetbrains.kotlin.android' plugin in project ':permission_handler_android' is no longer required for Kotlin support since AGP 9.0.
Solution: Remove both `android.builtInKotlin=true` and `android.newDsl=false` from `gradle.properties`, then migrate to built-in Kotlin.
See https://kotl.in/gradle/agp-built-in-kotlin for more details.


> Configure project :shared_preferences_android
w: Deprecated 'org.jetbrains.kotlin.android' plugin usage
The 'org.jetbrains.kotlin.android' plugin in project ':shared_preferences_android' is no longer required for Kotlin support since AGP 9.0.
Solution: Remove both `android.builtInKotlin=true` and `android.newDsl=false` from `gradle.properties`, then migrate to built-in Kotlin.
See https://kotl.in/gradle/agp-built-in-kotlin for more details.


> Configure project :sign_in_with_apple
w: Deprecated 'org.jetbrains.kotlin.android' plugin usage
The 'org.jetbrains.kotlin.android' plugin in project ':sign_in_with_apple' is no longer required for Kotlin support since AGP 9.0.
Solution: Remove both `android.builtInKotlin=true` and `android.newDsl=false` from `gradle.properties`, then migrate to built-in Kotlin.
See https://kotl.in/gradle/agp-built-in-kotlin for more details.


> Configure project :url_launcher_android
w: Deprecated 'org.jetbrains.kotlin.android' plugin usage
The 'org.jetbrains.kotlin.android' plugin in project ':url_launcher_android' is no longer required for Kotlin support since AGP 9.0.
Solution: Remove both `android.builtInKotlin=true` and `android.newDsl=false` from `gradle.properties`, then migrate to built-in Kotlin.
See https://kotl.in/gradle/agp-built-in-kotlin for more details.


> Configure project :webview_flutter_android
w: Deprecated 'org.jetbrains.kotlin.android' plugin usage
The 'org.jetbrains.kotlin.android' plugin in project ':webview_flutter_android' is no longer required for Kotlin support since AGP 9.0.
Solution: Remove both `android.builtInKotlin=true` and `android.newDsl=false` from `gradle.properties`, then migrate to built-in Kotlin.
See https://kotl.in/gradle/agp-built-in-kotlin for more details.

.\gradlew : WARNING: Your app uses the following plugins that apply Kotlin Gradle Plugin (KGP): firebase_storage, 
flutter_timezone, sign_in_with_apple
At line:1 char:1
+ .\gradlew :app:compileDebugKotlin 2>&1 | Out-File -FilePath "C:\Users ...
+ ~~~~~~~~~~~~~~~~~~~~~~~~~~~~~~~~~~~~~~
    + CategoryInfo          : NotSpecified: (WARNING: Your a...n_in_with_apple:String) [], RemoteException
    + FullyQualifiedErrorId : NativeCommandError
 
Future versions of Flutter will fail to build if your app uses plugins that apply KGP.

Please check the changelogs of these plugins and upgrade to a version that supports Built-in Kotlin.
If no such version exists, report the issue to the plugin. If necessary, here is a guide on filing 
an issue against a plugin: https://docs.flutter.dev/release/breaking-changes/migrate-to-built-in-kotlin/for-app-develop
ers#report-incompatible-kotlin-gradle-plugin-usage-to-plugin-authors

If you are a plugin author, please migrate your plugin to Built-in Kotlin using this guide: 
https://docs.flutter.dev/release/breaking-changes/migrate-to-built-in-kotlin/for-plugin-authors

> Task :app:checkKotlinGradlePluginConfigurationErrors SKIPPED
> Task :app:cleanMergeDebugAssets
> Task :app:compileFlutterBuildDebug UP-TO-DATE
> Task :app:generateDebugAssets UP-TO-DATE
> Task :app:preBuild UP-TO-DATE
> Task :app:preDebugBuild UP-TO-DATE
> Task :cloud_firestore:generateDebugAssets UP-TO-DATE
> Task :cloud_firestore:preBuild UP-TO-DATE
> Task :cloud_firestore:preDebugBuild UP-TO-DATE
> Task :cloud_firestore:mergeDebugAssets UP-TO-DATE
> Task :firebase_auth:generateDebugAssets UP-TO-DATE
> Task :firebase_auth:preBuild UP-TO-DATE
> Task :firebase_auth:preDebugBuild UP-TO-DATE
> Task :firebase_auth:mergeDebugAssets UP-TO-DATE
> Task :firebase_core:generateDebugAssets UP-TO-DATE
> Task :firebase_core:preBuild UP-TO-DATE
> Task :firebase_core:preDebugBuild UP-TO-DATE
> Task :firebase_core:mergeDebugAssets UP-TO-DATE
> Task :firebase_messaging:generateDebugAssets UP-TO-DATE
> Task :firebase_messaging:preBuild UP-TO-DATE
> Task :firebase_messaging:preDebugBuild UP-TO-DATE
> Task :firebase_messaging:mergeDebugAssets UP-TO-DATE
> Task :firebase_storage:generateDebugAssets UP-TO-DATE
> Task :firebase_storage:preBuild UP-TO-DATE
> Task :firebase_storage:preDebugBuild UP-TO-DATE
> Task :firebase_storage:mergeDebugAssets UP-TO-DATE
> Task :flutter_local_notifications:generateDebugAssets UP-TO-DATE
> Task :flutter_local_notifications:preBuild UP-TO-DATE
> Task :flutter_local_notifications:preDebugBuild UP-TO-DATE
> Task :flutter_local_notifications:mergeDebugAssets UP-TO-DATE
> Task :flutter_timezone:generateDebugAssets UP-TO-DATE
> Task :flutter_timezone:preBuild UP-TO-DATE
> Task :flutter_timezone:preDebugBuild UP-TO-DATE
> Task :flutter_timezone:mergeDebugAssets UP-TO-DATE
> Task :geocoding_android:generateDebugAssets UP-TO-DATE
> Task :geocoding_android:preBuild UP-TO-DATE
> Task :geocoding_android:preDebugBuild UP-TO-DATE
> Task :geocoding_android:mergeDebugAssets UP-TO-DATE
> Task :geolocator_android:generateDebugAssets UP-TO-DATE
> Task :geolocator_android:preBuild UP-TO-DATE
> Task :geolocator_android:preDebugBuild UP-TO-DATE
> Task :geolocator_android:mergeDebugAssets UP-TO-DATE
> Task :google_sign_in_android:generateDebugAssets UP-TO-DATE
> Task :google_sign_in_android:preBuild UP-TO-DATE
> Task :google_sign_in_android:preDebugBuild UP-TO-DATE
> Task :google_sign_in_android:mergeDebugAssets UP-TO-DATE
> Task :jni:generateDebugAssets UP-TO-DATE
> Task :jni:preBuild UP-TO-DATE
> Task :jni:preDebugBuild UP-TO-DATE
> Task :jni:mergeDebugAssets UP-TO-DATE
> Task :jni_flutter:generateDebugAssets UP-TO-DATE
> Task :jni_flutter:preBuild UP-TO-DATE
> Task :jni_flutter:preDebugBuild UP-TO-DATE
> Task :jni_flutter:mergeDebugAssets UP-TO-DATE
> Task :package_info_plus:generateDebugAssets UP-TO-DATE
> Task :package_info_plus:preBuild UP-TO-DATE
> Task :package_info_plus:preDebugBuild UP-TO-DATE
> Task :package_info_plus:mergeDebugAssets UP-TO-DATE
> Task :permission_handler_android:generateDebugAssets UP-TO-DATE
> Task :permission_handler_android:preBuild UP-TO-DATE
> Task :permission_handler_android:preDebugBuild UP-TO-DATE
> Task :permission_handler_android:mergeDebugAssets UP-TO-DATE
> Task :shared_preferences_android:generateDebugAssets UP-TO-DATE
> Task :shared_preferences_android:preBuild UP-TO-DATE
> Task :shared_preferences_android:preDebugBuild UP-TO-DATE
> Task :shared_preferences_android:mergeDebugAssets UP-TO-DATE
> Task :sign_in_with_apple:generateDebugAssets UP-TO-DATE
> Task :sign_in_with_apple:preBuild UP-TO-DATE
> Task :sign_in_with_apple:preDebugBuild UP-TO-DATE
> Task :sign_in_with_apple:mergeDebugAssets UP-TO-DATE
> Task :url_launcher_android:generateDebugAssets UP-TO-DATE
> Task :url_launcher_android:preBuild UP-TO-DATE
> Task :url_launcher_android:preDebugBuild UP-TO-DATE
> Task :url_launcher_android:mergeDebugAssets UP-TO-DATE
> Task :webview_flutter_android:generateDebugAssets UP-TO-DATE
> Task :webview_flutter_android:preBuild UP-TO-DATE
> Task :webview_flutter_android:preDebugBuild UP-TO-DATE
> Task :webview_flutter_android:mergeDebugAssets UP-TO-DATE
> Task :app:mergeDebugAssets
> Task :app:copyFlutterAssetsDebug
> Task :app:generateDebugResources UP-TO-DATE
> Task :app:processDebugGoogleServices UP-TO-DATE
> Task :app:packageDebugResources UP-TO-DATE
> Task :cloud_firestore:processDebugNavigationResources UP-TO-DATE
> Task :firebase_auth:processDebugNavigationResources UP-TO-DATE
> Task :firebase_core:processDebugNavigationResources UP-TO-DATE
> Task :firebase_messaging:processDebugNavigationResources UP-TO-DATE
> Task :firebase_storage:processDebugNavigationResources UP-TO-DATE
> Task :flutter_local_notifications:processDebugNavigationResources UP-TO-DATE
> Task :flutter_timezone:processDebugNavigationResources UP-TO-DATE
> Task :geocoding_android:processDebugNavigationResources UP-TO-DATE
> Task :geolocator_android:processDebugNavigationResources UP-TO-DATE
> Task :google_sign_in_android:processDebugNavigationResources UP-TO-DATE
> Task :jni:processDebugNavigationResources UP-TO-DATE
> Task :jni_flutter:processDebugNavigationResources UP-TO-DATE
> Task :package_info_plus:processDebugNavigationResources UP-TO-DATE
> Task :permission_handler_android:processDebugNavigationResources UP-TO-DATE
> Task :shared_preferences_android:processDebugNavigationResources UP-TO-DATE
> Task :sign_in_with_apple:processDebugNavigationResources UP-TO-DATE
> Task :url_launcher_android:processDebugNavigationResources UP-TO-DATE
> Task :webview_flutter_android:processDebugNavigationResources UP-TO-DATE
> Task :app:processDebugNavigationResources UP-TO-DATE
> Task :app:parseDebugLocalResources UP-TO-DATE
> Task :app:generateDebugRFile UP-TO-DATE
> Task :cloud_firestore:checkKotlinGradlePluginConfigurationErrors SKIPPED
> Task :cloud_firestore:generateDebugBuildConfig UP-TO-DATE
> Task :cloud_firestore:generateDebugResources UP-TO-DATE
> Task :cloud_firestore:packageDebugResources UP-TO-DATE
> Task :cloud_firestore:parseDebugLocalResources UP-TO-DATE
> Task :cloud_firestore:generateDebugRFile UP-TO-DATE
> Task :firebase_core:checkKotlinGradlePluginConfigurationErrors SKIPPED
> Task :firebase_core:generateDebugBuildConfig UP-TO-DATE
> Task :firebase_core:generateDebugResources UP-TO-DATE
> Task :firebase_core:packageDebugResources UP-TO-DATE
> Task :firebase_core:parseDebugLocalResources UP-TO-DATE
> Task :firebase_core:generateDebugRFile UP-TO-DATE
> Task :firebase_core:compileDebugKotlin NO-SOURCE
> Task :firebase_core:javaPreCompileDebug UP-TO-DATE
> Task :firebase_core:compileDebugJavaWithJavac UP-TO-DATE
> Task :firebase_core:bundleLibCompileToJarDebug UP-TO-DATE
> Task :cloud_firestore:compileDebugKotlin NO-SOURCE
> Task :cloud_firestore:javaPreCompileDebug UP-TO-DATE
> Task :cloud_firestore:compileDebugJavaWithJavac UP-TO-DATE
> Task :cloud_firestore:bundleLibCompileToJarDebug UP-TO-DATE
> Task :firebase_auth:checkKotlinGradlePluginConfigurationErrors SKIPPED
> Task :firebase_auth:generateDebugBuildConfig UP-TO-DATE
> Task :firebase_auth:generateDebugResources UP-TO-DATE
> Task :firebase_auth:packageDebugResources UP-TO-DATE
> Task :firebase_auth:parseDebugLocalResources UP-TO-DATE
> Task :firebase_auth:generateDebugRFile UP-TO-DATE
> Task :firebase_auth:compileDebugKotlin NO-SOURCE
> Task :firebase_auth:javaPreCompileDebug UP-TO-DATE
> Task :firebase_auth:compileDebugJavaWithJavac UP-TO-DATE
> Task :firebase_auth:bundleLibCompileToJarDebug UP-TO-DATE
> Task :firebase_messaging:checkKotlinGradlePluginConfigurationErrors SKIPPED
> Task :firebase_messaging:generateDebugBuildConfig UP-TO-DATE
> Task :firebase_messaging:generateDebugResources UP-TO-DATE
> Task :firebase_messaging:packageDebugResources UP-TO-DATE
> Task :firebase_messaging:parseDebugLocalResources UP-TO-DATE
> Task :firebase_messaging:generateDebugRFile UP-TO-DATE
> Task :firebase_messaging:compileDebugKotlin NO-SOURCE
> Task :firebase_messaging:javaPreCompileDebug UP-TO-DATE
> Task :firebase_messaging:compileDebugJavaWithJavac UP-TO-DATE
> Task :firebase_messaging:bundleLibCompileToJarDebug UP-TO-DATE
> Task :firebase_storage:checkKotlinGradlePluginConfigurationErrors SKIPPED
> Task :firebase_storage:generateDebugBuildConfig UP-TO-DATE
> Task :firebase_storage:generateDebugResources UP-TO-DATE
> Task :firebase_storage:packageDebugResources UP-TO-DATE
> Task :firebase_storage:parseDebugLocalResources UP-TO-DATE
> Task :firebase_storage:generateDebugRFile UP-TO-DATE
> Task :firebase_storage:compileDebugKotlin UP-TO-DATE
> Task :firebase_storage:javaPreCompileDebug UP-TO-DATE
> Task :firebase_storage:compileDebugJavaWithJavac UP-TO-DATE
> Task :firebase_storage:bundleLibCompileToJarDebug UP-TO-DATE
> Task :flutter_local_notifications:checkKotlinGradlePluginConfigurationErrors SKIPPED
> Task :flutter_local_notifications:generateDebugResources UP-TO-DATE
> Task :flutter_local_notifications:packageDebugResources UP-TO-DATE
> Task :flutter_local_notifications:parseDebugLocalResources UP-TO-DATE
> Task :flutter_local_notifications:generateDebugRFile UP-TO-DATE
> Task :flutter_local_notifications:compileDebugKotlin NO-SOURCE
> Task :flutter_local_notifications:javaPreCompileDebug UP-TO-DATE
> Task :flutter_local_notifications:compileDebugJavaWithJavac UP-TO-DATE
> Task :flutter_local_notifications:bundleLibCompileToJarDebug UP-TO-DATE
> Task :flutter_timezone:checkKotlinGradlePluginConfigurationErrors SKIPPED
> Task :flutter_timezone:generateDebugResources UP-TO-DATE
> Task :flutter_timezone:packageDebugResources UP-TO-DATE
> Task :flutter_timezone:parseDebugLocalResources UP-TO-DATE
> Task :flutter_timezone:generateDebugRFile UP-TO-DATE
> Task :flutter_timezone:compileDebugKotlin UP-TO-DATE
> Task :flutter_timezone:javaPreCompileDebug UP-TO-DATE
> Task :flutter_timezone:compileDebugJavaWithJavac NO-SOURCE
> Task :flutter_timezone:bundleLibCompileToJarDebug UP-TO-DATE
> Task :geocoding_android:checkKotlinGradlePluginConfigurationErrors SKIPPED
> Task :geocoding_android:generateDebugResources UP-TO-DATE
> Task :geocoding_android:packageDebugResources UP-TO-DATE
> Task :geocoding_android:parseDebugLocalResources UP-TO-DATE
> Task :geocoding_android:generateDebugRFile UP-TO-DATE
> Task :geocoding_android:compileDebugKotlin NO-SOURCE
> Task :geocoding_android:javaPreCompileDebug UP-TO-DATE
> Task :geocoding_android:compileDebugJavaWithJavac UP-TO-DATE
> Task :geocoding_android:bundleLibCompileToJarDebug UP-TO-DATE
> Task :geolocator_android:checkKotlinGradlePluginConfigurationErrors SKIPPED
> Task :geolocator_android:generateDebugResources UP-TO-DATE
> Task :geolocator_android:packageDebugResources UP-TO-DATE
> Task :geolocator_android:parseDebugLocalResources UP-TO-DATE
> Task :geolocator_android:generateDebugRFile UP-TO-DATE
> Task :geolocator_android:compileDebugKotlin NO-SOURCE
> Task :geolocator_android:javaPreCompileDebug UP-TO-DATE
> Task :geolocator_android:compileDebugJavaWithJavac UP-TO-DATE
> Task :geolocator_android:bundleLibCompileToJarDebug UP-TO-DATE
> Task :google_sign_in_android:checkKotlinGradlePluginConfigurationErrors SKIPPED
> Task :google_sign_in_android:generateDebugResources UP-TO-DATE
> Task :google_sign_in_android:packageDebugResources UP-TO-DATE
> Task :google_sign_in_android:parseDebugLocalResources UP-TO-DATE
> Task :google_sign_in_android:generateDebugRFile UP-TO-DATE
> Task :google_sign_in_android:compileDebugKotlin UP-TO-DATE
> Task :google_sign_in_android:javaPreCompileDebug UP-TO-DATE
> Task :google_sign_in_android:compileDebugJavaWithJavac UP-TO-DATE
> Task :google_sign_in_android:bundleLibCompileToJarDebug UP-TO-DATE
> Task :jni:checkKotlinGradlePluginConfigurationErrors SKIPPED
> Task :jni:generateDebugResources UP-TO-DATE
> Task :jni:packageDebugResources UP-TO-DATE
> Task :jni:parseDebugLocalResources UP-TO-DATE
> Task :jni:generateDebugRFile UP-TO-DATE
> Task :jni:compileDebugKotlin NO-SOURCE
> Task :jni:javaPreCompileDebug UP-TO-DATE
> Task :jni:compileDebugJavaWithJavac UP-TO-DATE
> Task :jni:bundleLibCompileToJarDebug UP-TO-DATE
> Task :jni_flutter:checkKotlinGradlePluginConfigurationErrors SKIPPED
> Task :jni_flutter:generateDebugResources UP-TO-DATE
> Task :jni_flutter:packageDebugResources UP-TO-DATE
> Task :jni_flutter:parseDebugLocalResources UP-TO-DATE
> Task :jni_flutter:generateDebugRFile UP-TO-DATE
> Task :jni_flutter:compileDebugKotlin NO-SOURCE
> Task :jni_flutter:javaPreCompileDebug UP-TO-DATE
> Task :jni_flutter:compileDebugJavaWithJavac UP-TO-DATE
> Task :jni_flutter:bundleLibCompileToJarDebug UP-TO-DATE
> Task :package_info_plus:checkKotlinGradlePluginConfigurationErrors SKIPPED
> Task :package_info_plus:generateDebugResources UP-TO-DATE
> Task :package_info_plus:packageDebugResources UP-TO-DATE
> Task :package_info_plus:parseDebugLocalResources UP-TO-DATE
> Task :package_info_plus:generateDebugRFile UP-TO-DATE
> Task :package_info_plus:compileDebugKotlin UP-TO-DATE
> Task :package_info_plus:javaPreCompileDebug UP-TO-DATE
> Task :package_info_plus:compileDebugJavaWithJavac NO-SOURCE
> Task :package_info_plus:bundleLibCompileToJarDebug UP-TO-DATE
> Task :permission_handler_android:checkKotlinGradlePluginConfigurationErrors SKIPPED
> Task :permission_handler_android:generateDebugResources UP-TO-DATE
> Task :permission_handler_android:packageDebugResources UP-TO-DATE
> Task :permission_handler_android:parseDebugLocalResources UP-TO-DATE
> Task :permission_handler_android:generateDebugRFile UP-TO-DATE
> Task :permission_handler_android:compileDebugKotlin NO-SOURCE
> Task :permission_handler_android:javaPreCompileDebug UP-TO-DATE
> Task :permission_handler_android:compileDebugJavaWithJavac UP-TO-DATE
> Task :permission_handler_android:bundleLibCompileToJarDebug UP-TO-DATE
> Task :shared_preferences_android:checkKotlinGradlePluginConfigurationErrors SKIPPED
> Task :shared_preferences_android:generateDebugResources UP-TO-DATE
> Task :shared_preferences_android:packageDebugResources UP-TO-DATE
> Task :shared_preferences_android:parseDebugLocalResources UP-TO-DATE
> Task :shared_preferences_android:generateDebugRFile UP-TO-DATE
> Task :shared_preferences_android:compileDebugKotlin UP-TO-DATE
> Task :shared_preferences_android:javaPreCompileDebug UP-TO-DATE
> Task :shared_preferences_android:compileDebugJavaWithJavac UP-TO-DATE
> Task :shared_preferences_android:bundleLibCompileToJarDebug UP-TO-DATE
> Task :sign_in_with_apple:checkKotlinGradlePluginConfigurationErrors SKIPPED
> Task :sign_in_with_apple:generateDebugResources UP-TO-DATE
> Task :sign_in_with_apple:packageDebugResources UP-TO-DATE
> Task :sign_in_with_apple:parseDebugLocalResources UP-TO-DATE
> Task :sign_in_with_apple:generateDebugRFile UP-TO-DATE
> Task :sign_in_with_apple:compileDebugKotlin UP-TO-DATE
> Task :sign_in_with_apple:javaPreCompileDebug UP-TO-DATE
> Task :sign_in_with_apple:compileDebugJavaWithJavac NO-SOURCE
> Task :sign_in_with_apple:bundleLibCompileToJarDebug UP-TO-DATE
> Task :url_launcher_android:checkKotlinGradlePluginConfigurationErrors SKIPPED
> Task :url_launcher_android:generateDebugBuildConfig UP-TO-DATE
> Task :url_launcher_android:generateDebugResources UP-TO-DATE
> Task :url_launcher_android:packageDebugResources UP-TO-DATE
> Task :url_launcher_android:parseDebugLocalResources UP-TO-DATE
> Task :url_launcher_android:generateDebugRFile UP-TO-DATE
> Task :url_launcher_android:compileDebugKotlin UP-TO-DATE
> Task :url_launcher_android:javaPreCompileDebug UP-TO-DATE
> Task :url_launcher_android:compileDebugJavaWithJavac UP-TO-DATE
> Task :url_launcher_android:bundleLibCompileToJarDebug UP-TO-DATE
> Task :webview_flutter_android:checkKotlinGradlePluginConfigurationErrors SKIPPED
> Task :webview_flutter_android:generateDebugResources UP-TO-DATE
> Task :webview_flutter_android:packageDebugResources UP-TO-DATE
> Task :webview_flutter_android:parseDebugLocalResources UP-TO-DATE
> Task :webview_flutter_android:generateDebugRFile UP-TO-DATE
> Task :webview_flutter_android:compileDebugKotlin UP-TO-DATE
> Task :webview_flutter_android:javaPreCompileDebug UP-TO-DATE
> Task :webview_flutter_android:compileDebugJavaWithJavac UP-TO-DATE
> Task :webview_flutter_android:bundleLibCompileToJarDebug UP-TO-DATE

> Task :app:compileDebugKotlin
w: file:///C:/Users/Souleymane/Desktop/slatkapp/android/app/src/main/kotlin/com/slatk/slatkapp/AdhanService.kt:285:21 'fun stopForeground(p0: Boolean): Unit' is deprecated. Deprecated in Java.
w: file:///C:/Users/Souleymane/Desktop/slatkapp/android/app/src/main/kotlin/com/slatk/slatkapp/AdhanService.kt:423:13 'fun stopForeground(p0: Boolean): Unit' is deprecated. Deprecated in Java.

[Incubating] Problems report is available at: file:///C:/Users/Souleymane/Desktop/slatkapp/build/reports/problems/problems-report.html

Deprecated Gradle features were used in this build, making it incompatible with Gradle 10.

You can use '--warning-mode all' to show the individual deprecation warnings and determine if they come from your own scripts or plugins.

For more on this, please refer to https://docs.gradle.org/9.1.0/userguide/command_line_interface.html#sec:command_line_warnings in the Gradle documentation.

BUILD SUCCESSFUL in 58s
188 actionable tasks: 4 executed, 184 up-to-date
Consider enabling configuration cache to speed up this build: https://docs.gradle.org/9.1.0/userguide/configuration_cache_enabling.html
